
Copyright (C) 1994-2018 Synopsys, Inc.
This Synopsys software and all associated documentation are proprietary to Synopsys, Inc.
and may only be used pursuant to the terms and conditions of a written license agreement
with Synopsys, Inc. All other use, reproduction, modification, or distribution of the
Synopsys software or the associated documentation is strictly prohibited.
Tool: Synplify Pro (R)
Build: N-2018.03L-SP1-1
Install: C:\lscc\diamond\3.11_x64\synpbase
OS: Windows 6.2

Hostname: LAPTOP-0ROAUR8B

Implementation : project

# Written on Tue Nov 12 00:07:46 2019

##### DESIGN INFO #######################################################

Top View:                "ulx3s_passthru_wifi"
Constraint File(s):      (none)




##### SUMMARY ############################################################

Found 0 issues in 0 out of 0 constraints


##### DETAILS ############################################################



Clock Relationships
*******************

Starting                          Ending                            |     rise to rise     |     fall to fall     |     rise to fall     |     fall to rise                     
-------------------------------------------------------------------------------------------------------------------------------------------------------------------------------
ulx3s_passthru_wifi|clk_25mhz     ulx3s_passthru_wifi|clk_25mhz     |     5.000            |     No paths         |     No paths         |     No paths                         
ulx3s_passthru_wifi|sd_clk        ulx3s_passthru_wifi|sd_clk        |     5.000            |     No paths         |     No paths         |     No paths                         
===============================================================================================================================================================================
 Note: 'No paths' indicates there are no paths in the design for that pair of clock edges.
       'Diff grp' indicates that paths exist but the starting clock and ending clock are in different clock groups.


Unconstrained Start/End Points
******************************

p:audio_l[0]
p:audio_l[1]
p:audio_l[2]
p:audio_l[3]
p:audio_r[0]
p:audio_r[1]
p:audio_r[2]
p:audio_r[3]
p:audio_v[0]
p:audio_v[1]
p:audio_v[2]
p:audio_v[3]
p:btn[0]
p:btn[1]
p:btn[2]
p:btn[3]
p:btn[4]
p:btn[5]
p:btn[6]
p:flash_holdn
p:flash_wpn
p:ftdi_ndsr
p:ftdi_ndtr
p:ftdi_nrts
p:ftdi_rxd
p:ftdi_txd
p:ftdi_txden
p:gn[0]
p:gn[1]
p:gn[2]
p:gn[3]
p:gn[4]
p:gn[5]
p:gn[6]
p:gn[7]
p:gn[8]
p:gn[9]
p:gn[10]
p:gn[11]
p:gn[12]
p:gn[13]
p:gn[14]
p:gn[15]
p:gn[16]
p:gn[17]
p:gn[18]
p:gn[19]
p:gn[20]
p:gn[21]
p:gn[22]
p:gn[23]
p:gn[24]
p:gn[25]
p:gn[26]
p:gn[27]
p:gp[0]
p:gp[1]
p:gp[2]
p:gp[3]
p:gp[4]
p:gp[5]
p:gp[6]
p:gp[7]
p:gp[8]
p:gp[9]
p:gp[10]
p:gp[11]
p:gp[12]
p:gp[13]
p:gp[14]
p:gp[15]
p:gp[16]
p:gp[17]
p:gp[18]
p:gp[19]
p:gp[20]
p:gp[21]
p:gp[22]
p:gp[23]
p:gp[24]
p:gp[25]
p:gp[26]
p:gp[27]
p:led[0]
p:led[1]
p:led[2]
p:led[3]
p:led[4]
p:led[5]
p:led[6]
p:led[7]
p:oled_csn
p:oled_dc
p:oled_mosi
p:oled_resn
p:sd_cdn
p:sd_cmd
p:sd_d[0]
p:sd_d[1]
p:sd_d[2]
p:sd_d[3]
p:sd_wp
p:shutdown
p:sw[1]
p:sw[2]
p:sw[3]
p:sw[4]
p:user_programn
p:wifi_en
p:wifi_gpio0
p:wifi_gpio2
p:wifi_gpio5
p:wifi_gpio16
p:wifi_gpio17
p:wifi_rxd
p:wifi_txd


Inapplicable constraints
************************

(none)


Applicable constraints with issues
**********************************

(none)


Constraints with matching wildcard expressions
**********************************************

(none)


Library Report
**************


# End of Constraint Checker Report
